// Jest Snapshot v1, https://goo.gl/fbAQLP

exports[`<HomeScreen /> renders the page 1`] = `
<div>
  <section>
    <main>
      <h1
        class="rwbqK"
      >
        Home
      </h1>
      <p
        class="rwbqK"
      >
        Importando modulo local: @alura/utils/math/sum sum(2,2): 
        4
      </p>
    </main>
  </section>
</div>
`;
